Microchip MPLAB XC8 Compiler V2.46

Linker command line:

-W-3 \
  --edf=C:\Program Files\Microchip\xc8\v2.46\pic\dat\20240104201356_en.msgs \
  -cn -h+dist/default/production\LCD_Valve_prop.X.production.sym \
  --cmf=dist/default/production\LCD_Valve_prop.X.production.cmf -z \
  -Q18F4520 -oC:\Users\profb\AppData\Local\Temp\xcAsj0o.\driver_tmp_3.o \
  --defsym=__MPLAB_BUILD=1 --fixupoverflow=error \
  -Mdist/default/production/LCD_Valve_prop.X.production.map \
  --md=C:\Users\profb\AppData\Local\Temp\xcAsj0o.\driver_tmp_0.dat -E1 \
  -ver=XC8 Compiler --acfsm=1493 -ACODE=00h-07FFFh -ACONST=00h-07FFFh \
  -ASMALLCONST=0600h-06FFhx122 -AMEDIUMCONST=0600h-07FFFh -ACOMRAM=01h-07Fh \
  -AABS1=00h-05FFh -ABIGRAM=01h-05FFh -ARAM=080h-0FFh,0100h-01FFhx5 \
  -ABANK0=080h-0FFh -ABANK1=0100h-01FFh -ABANK2=0200h-02FFh \
  -ABANK3=0300h-03FFh -ABANK4=0400h-04FFh -ABANK5=0500h-05FFh \
  -ASFR=0F80h-0FFFh -ABIGSFR=0F80h-0FFFh -ACONFIG=0300000h-030000Dh \
  -AIDLOC=0200000h-0200007h -AEEDATA=0F00000h-0F000FFh -peeprom_data=EEDATA \
  -preset_vec=00h,intcode,sivt_hi,intcodelo,sivt_lo,powerup,init \
  -pramtop=0600h -psmallconst=SMALLCONST -pmediumconst=MEDIUMCONST \
  -pconst=CONST -AFARRAM=00h-00h \
  -prdata=COMRAM,nvrram=COMRAM,nvbit=COMRAM,rbss=COMRAM,rbit=COMRAM \
  -pfarbss=FARRAM,fardata=FARRAM,nvFARRAM=FARRAM \
  -pintsave_regs=BIGRAM,bigbss=BIGRAM,bigdata=BIGRAM -pbss=RAM \
  -pidata=CODE,irdata=CODE,ibigdata=CODE,ifardata=CODE -prparam=COMRAM \
  C:\Users\profb\AppData\Local\Temp\xcAsj0o.\driver_tmp_14.o \
  dist/default/production\LCD_Valve_prop.X.production.o 

Object code version is 3.11

Machine type is 18F4520



                Name                               Link     Load   Length Selector   Space Scale
C:\Users\profb\AppData\Local\Temp\xcAsj0o.\driver_tmp_14.o
                config                           300000   300000        E        0       4
                init                                  0        0        4        0       0
dist/default/production\LCD_Valve_prop.X.production.o
                config                           300000   300000        E        0       4
                smallconst                          600      600       46      300       0
                text36                             3046     3046        E      323       0
                text35                             305E     305E        A      323       0
                text34                             3054     3054        A      323       0
                text33                             2F5A     2F5A       32      323       0
                text32                             1984     1984      39A      323       0
                text31                             155A     155A      42A      323       0
                text30                             214A     214A      1B4      323       0
                text29                             2848     2848       D4      323       0
                text28                             3008     3008       20      323       0
                text27                             2764     2764       E4      323       0
                text26                             3028     3028       1E      323       0
                text25                             2B16     2B16       A0      323       0
                text24                             29C6     29C6       AA      323       0
                text23                             2562     2562      104      323       0
                text22                             2F22     2F22       38      323       0
                text21                             109A     109A      4C0      323       0
                text20                             2DEA     2DEA       46      323       0
                text19                             245C     245C      106      323       0
                text18                             2666     2666       FE      323       0
                text17                             1F38     1F38      212      323       0
                text16                             2D44     2D44       56      323       0
                text15                             2D9A     2D9A       50      323       0
                text14                             3068     3068        2      323       0
                text13                             291C     291C       AA      323       0
                text12                             2E70     2E70       40      323       0
                text11                             2CDE     2CDE       66      323       0
                text10                             2EB0     2EB0       3A      323       0
                text9                               646      646      A54      323       0
                text8                              2FE2     2FE2       26      323       0
                text7                              2A70     2A70       A6      323       0
                text6                              1D1E     1D1E      21A      323       0
                text5                              2E30     2E30       40      323       0
                text4                              2EEA     2EEA       38      323       0
                text3                              2C54     2C54       8A      323       0
                text2                              2BB6     2BB6       9E      323       0
                text1                              22FE     22FE      15E      323       0
                text0                              2FBA     2FBA       28      323       0
                cstackCOMRAM                          1        1       68        1       1
                cstackBANK0                          80       80       42       80       1
                bssBANK1                            100      100       50      100       1
                bssBANK0                             C2       C2       30       80       1
                bssCOMRAM                            69       69        B        1       1
                cinit                              2F8C     2F8C       2E      323       0

TOTAL           Name                               Link     Load   Length     Space
        CLASS   CODE           
                init                                  0        0        4         0
                text36                             3046     3046        E         0
                text35                             305E     305E        A         0
                text34                             3054     3054        A         0
                text33                             2F5A     2F5A       32         0
                text32                             1984     1984      39A         0
                text31                             155A     155A      42A         0
                text30                             214A     214A      1B4         0
                text29                             2848     2848       D4         0
                text28                             3008     3008       20         0
                text27                             2764     2764       E4         0
                text26                             3028     3028       1E         0
                text25                             2B16     2B16       A0         0
                text24                             29C6     29C6       AA         0
                text23                             2562     2562      104         0
                text22                             2F22     2F22       38         0
                text21                             109A     109A      4C0         0
                text20                             2DEA     2DEA       46         0
                text19                             245C     245C      106         0
                text18                             2666     2666       FE         0
                text17                             1F38     1F38      212         0
                text16                             2D44     2D44       56         0
                text15                             2D9A     2D9A       50         0
                text14                             3068     3068        2         0
                text13                             291C     291C       AA         0
                text12                             2E70     2E70       40         0
                text11                             2CDE     2CDE       66         0
                text10                             2EB0     2EB0       3A         0
                text9                               646      646      A54         0
                text8                              2FE2     2FE2       26         0
                text7                              2A70     2A70       A6         0
                text6                              1D1E     1D1E      21A         0
                text5                              2E30     2E30       40         0
                text4                              2EEA     2EEA       38         0
                text3                              2C54     2C54       8A         0
                text2                              2BB6     2BB6       9E         0
                text1                              22FE     22FE      15E         0
                text0                              2FBA     2FBA       28         0
                cinit                              2F8C     2F8C       2E         0

        CLASS   CONST          

        CLASS   SMALLCONST     
                smallconst                          600      600       46         0

        CLASS   MEDIUMCONST    

        CLASS   COMRAM         
                cstackCOMRAM                          1        1       68         1
                bssCOMRAM                            69       69        B         1

        CLASS   ABS1           

        CLASS   BIGRAM         

        CLASS   RAM            

        CLASS   BANK0          
                cstackBANK0                          80       80       42         1
                bssBANK0                             C2       C2       30         1

        CLASS   BANK1          
                bssBANK1                            100      100       50         1

        CLASS   BANK2          

        CLASS   BANK3          

        CLASS   BANK4          

        CLASS   BANK5          

        CLASS   SFR            

        CLASS   BIGSFR         

        CLASS   CONFIG         
                config                           300000   300000        E         4

        CLASS   IDLOC          

        CLASS   EEDATA         

        CLASS   FARRAM         

        CLASS   HEAP           

        CLASS   STACK          



SEGMENTS        Name                           Load    Length   Top    Selector   Space  Class

                reset_vec                      000000  000004  000004         0       0  CODE    
                cstackCOMRAM                   000001  000073  000074         1       1  COMRAM  
                cstackBANK0                    000080  000072  0000F2        80       1  BANK0   
                bssBANK1                       000100  000050  000150       100       1  BANK1   
                smallconst                     000600  000046  000646       300       0  SMALLCON
                text9                          000646  002A24  00306A       323       0  CODE    


UNUSED ADDRESS RANGES

        Name                Unused          Largest block    Delta
        BANK0            0000F2-0000FF                E
        BANK1            000150-0001FF               B0
        BANK2            000200-0002FF              100
        BANK3            000300-0003FF              100
        BANK4            000400-0004FF              100
        BANK5            000500-0005FF              100
        BIGRAM           000074-00007F                C
                         0000F2-0000FF                E
                         000150-0005FF              4B0
        BIGSFR           000F80-000FFF               80
        CODE             000004-0005FF              5FC
                         00306A-007FFF             4F96
        COMRAM           000074-00007F                C
        CONST            000004-0005FF              5FC
                         00306A-007FFF             4F96
        EEDATA           F00000-F000FF              100
        IDLOC            200000-200007                8
        MEDIUMCONST      00306A-007FFF             4F96
        RAM              0000F2-0000FF                E
                         000150-0005FF              100
        SFR              000F80-000FFF               80
        SMALLCONST       00306A-007FFF              100

                                  Symbol Table

?___fladd                   cstackCOMRAM 000001
?___fldiv                   cstackCOMRAM 000028
?___flmul                   cstackCOMRAM 00000F
?___flneg                   cstackCOMRAM 000001
?___flsub                   cstackCOMRAM 000028
?___fltol                   cstackCOMRAM 000001
?___fpclassifyf             cstackCOMRAM 000001
?___wmul                    cstackCOMRAM 000001
?___xxtofl                  cstackCOMRAM 000001
?_floorf                    cstackCOMRAM 000041
?_labs                      cstackCOMRAM 000001
?_read_prec_or_width        cstackCOMRAM 000007
?_sprintf                   cstackBANK0  0000AF
?_vfprintf                  cstackBANK0  0000AC
_ADCON0                     (abs)        000FC2
_ADCON0bits                 (abs)        000FC2
_ADCON1                     (abs)        000FC1
_ADCON2                     (abs)        000FC0
_ADRESH                     (abs)        000FC4
_ADRESL                     (abs)        000FC3
_BufferLCD_Press            bssBANK0     0000D2
_BufferLCD_Voltage          bssBANK0     0000E2
_OSCCON                     (abs)        000FD3
_OSCTUNE                    (abs)        000F9B
_PORTC                      (abs)        000F82
_PORTCbits                  (abs)        000F82
_PORTD                      (abs)        000F83
_PORTDbits                  (abs)        000F83
_PORTEbits                  (abs)        000F84
_PressPercent               bssBANK0     0000CA
_PressSensor                bssCOMRAM    000069
_TRISC                      (abs)        000F94
_TRISD                      (abs)        000F95
_TRISEbits                  (abs)        000F96
_VdigADC_AN0                bssCOMRAM    000072
_VoltageSensor              bssBANK0     0000CE
__HRAM                      (abs)        000000
__H__absolute__             __absolute__ 000000
__Habs1                     abs1         000000
__Hbank0                    bank0        000000
__Hbank1                    bank1        000000
__Hbank2                    bank2        000000
__Hbank3                    bank3        000000
__Hbank4                    bank4        000000
__Hbank5                    bank5        000000
__Hbigbss                   bigbss       000000
__Hbigdata                  bigdata      000000
__Hbigram                   bigram       000000
__Hbigsfr                   bigsfr       000000
__Hbss                      bss          000000
__HbssBANK0                 bssBANK0     000000
__HbssBANK1                 bssBANK1     000000
__HbssCOMRAM                bssCOMRAM    000000
__Hcinit                    cinit        000000
__Hclrtext                  clrtext      000000
__Hcomram                   comram       000000
__Hconfig                   config       30000E
__Hconst                    const        000000
__HcstackBANK0              cstackBANK0  000000
__HcstackCOMRAM             cstackCOMRAM 000000
__Hdata                     data         000000
__Heeprom_data              eeprom_data  000000
__Hfarbss                   farbss       000000
__Hfardata                  fardata      000000
__Hheap                     heap         000000
__Hibigdata                 ibigdata     000000
__Hidata                    idata        000000
__Hidloc                    idloc        000000
__Hifardata                 ifardata     000000
__Hinit                     init         000004
__Hintcode                  intcode      000000
__Hintcode_body             intcode_body 000000
__Hintcodelo                intcodelo    000000
__Hintentry                 intentry     000000
__Hintret                   intret       000000
__Hintsave_regs             intsave_regs 000000
__Hirdata                   irdata       000000
__Hmediumconst              mediumconst  000000
__HnvFARRAM                 nvFARRAM     000000
__Hnvbit                    nvbit        000000
__Hnvrram                   nvrram       000000
__Hparam                    rparam       000000
__Hpowerup                  powerup      000000
__Hram                      ram          000000
__Hramtop                   ramtop       000600
__Hrbit                     rbit         000000
__Hrbss                     rbss         000000
__Hrdata                    rdata        000000
__Hreset_vec                reset_vec    000000
__Hrparam                   rparam       000000
__Hsfr                      sfr          000000
__Hsivt_hi                  sivt_hi      000000
__Hsivt_lo                  sivt_lo      000000
__Hsmallconst               smallconst   000646
__Hspace_0                  (abs)        00306A
__Hspace_1                  (abs)        000150
__Hspace_2                  (abs)        000000
__Hspace_4                  (abs)        60000E
__Hstack                    stack        000000
__Hstruct                   struct       000000
__Htemp                     temp         000000
__Htext                     text         000000
__Htext0                    text0        000000
__Htext1                    text1        000000
__Htext10                   text10       000000
__Htext11                   text11       000000
__Htext12                   text12       000000
__Htext13                   text13       000000
__Htext14                   text14       000000
__Htext15                   text15       000000
__Htext16                   text16       000000
__Htext17                   text17       000000
__Htext18                   text18       000000
__Htext19                   text19       000000
__Htext2                    text2        000000
__Htext20                   text20       000000
__Htext21                   text21       000000
__Htext22                   text22       000000
__Htext23                   text23       000000
__Htext24                   text24       000000
__Htext25                   text25       000000
__Htext26                   text26       000000
__Htext27                   text27       000000
__Htext28                   text28       000000
__Htext29                   text29       000000
__Htext3                    text3        000000
__Htext30                   text30       000000
__Htext31                   text31       000000
__Htext32                   text32       000000
__Htext33                   text33       000000
__Htext34                   text34       000000
__Htext35                   text35       000000
__Htext36                   text36       000000
__Htext4                    text4        000000
__Htext5                    text5        000000
__Htext6                    text6        000000
__Htext7                    text7        000000
__Htext8                    text8        000000
__Htext9                    text9        000000
__LRAM                      (abs)        000001
__L__absolute__             __absolute__ 000000
__Labs1                     abs1         000000
__Lbank0                    bank0        000000
__Lbank1                    bank1        000000
__Lbank2                    bank2        000000
__Lbank3                    bank3        000000
__Lbank4                    bank4        000000
__Lbank5                    bank5        000000
__Lbigbss                   bigbss       000000
__Lbigdata                  bigdata      000000
__Lbigram                   bigram       000000
__Lbigsfr                   bigsfr       000000
__Lbss                      bss          000000
__LbssBANK0                 bssBANK0     000000
__LbssBANK1                 bssBANK1     000000
__LbssCOMRAM                bssCOMRAM    000000
__Lcinit                    cinit        000000
__Lclrtext                  clrtext      000000
__Lcomram                   comram       000000
__Lconfig                   config       000000
__Lconst                    const        000000
__LcstackBANK0              cstackBANK0  000000
__LcstackCOMRAM             cstackCOMRAM 000000
__Ldata                     data         000000
__Leeprom_data              eeprom_data  000000
__Lfarbss                   farbss       000000
__Lfardata                  fardata      000000
__Lheap                     heap         000000
__Libigdata                 ibigdata     000000
__Lidata                    idata        000000
__Lidloc                    idloc        000000
__Lifardata                 ifardata     000000
__Linit                     init         000000
__Lintcode                  intcode      000000
__Lintcode_body             intcode_body 000000
__Lintcodelo                intcodelo    000000
__Lintentry                 intentry     000000
__Lintret                   intret       000000
__Lintsave_regs             intsave_regs 000000
__Lirdata                   irdata       000000
__Lmediumconst              mediumconst  000000
__LnvFARRAM                 nvFARRAM     000000
__Lnvbit                    nvbit        000000
__Lnvrram                   nvrram       000000
__Lparam                    rparam       000000
__Lpowerup                  powerup      000000
__Lram                      ram          000000
__Lramtop                   ramtop       000600
__Lrbit                     rbit         000000
__Lrbss                     rbss         000000
__Lrdata                    rdata        000000
__Lreset_vec                reset_vec    000000
__Lrparam                   rparam       000000
__Lsfr                      sfr          000000
__Lsivt_hi                  sivt_hi      000000
__Lsivt_lo                  sivt_lo      000000
__Lsmallconst               smallconst   000600
__Lspace_0                  (abs)        000000
__Lspace_1                  (abs)        000000
__Lspace_2                  (abs)        000000
__Lspace_4                  (abs)        000000
__Lstack                    stack        000000
__Lstruct                   struct       000000
__Ltemp                     temp         000000
__Ltext                     text         000000
__Ltext0                    text0        000000
__Ltext1                    text1        000000
__Ltext10                   text10       000000
__Ltext11                   text11       000000
__Ltext12                   text12       000000
__Ltext13                   text13       000000
__Ltext14                   text14       000000
__Ltext15                   text15       000000
__Ltext16                   text16       000000
__Ltext17                   text17       000000
__Ltext18                   text18       000000
__Ltext19                   text19       000000
__Ltext2                    text2        000000
__Ltext20                   text20       000000
__Ltext21                   text21       000000
__Ltext22                   text22       000000
__Ltext23                   text23       000000
__Ltext24                   text24       000000
__Ltext25                   text25       000000
__Ltext26                   text26       000000
__Ltext27                   text27       000000
__Ltext28                   text28       000000
__Ltext29                   text29       000000
__Ltext3                    text3        000000
__Ltext30                   text30       000000
__Ltext31                   text31       000000
__Ltext32                   text32       000000
__Ltext33                   text33       000000
__Ltext34                   text34       000000
__Ltext35                   text35       000000
__Ltext36                   text36       000000
__Ltext4                    text4        000000
__Ltext5                    text5        000000
__Ltext6                    text6        000000
__Ltext7                    text7        000000
__Ltext8                    text8        000000
__Ltext9                    text9        000000
__S0                        (abs)        00306A
__S1                        (abs)        000150
__S4                        (abs)        000000
__S5                        (abs)        000000
___fladd                    text21       00109A
___fladd@a                  cstackCOMRAM 000005
___fladd@aexp               cstackCOMRAM 00000E
___fladd@b                  cstackCOMRAM 000001
___fladd@bexp               cstackCOMRAM 00000F
___fladd@grs                cstackCOMRAM 000010
___fladd@signs              cstackCOMRAM 00000D
___fldiv                    text32       001984
___fldiv@a                  cstackCOMRAM 00002C
___fldiv@aexp               cstackCOMRAM 000040
___fldiv@b                  cstackCOMRAM 000028
___fldiv@bexp               cstackCOMRAM 00003F
___fldiv@grs                cstackCOMRAM 00003B
___fldiv@new_exp            cstackCOMRAM 000039
___fldiv@rem                cstackCOMRAM 000034
___fldiv@sign               cstackCOMRAM 000038
___fleq                     text24       0029C6
___fleq@ff1                 cstackCOMRAM 000001
___fleq@ff2                 cstackCOMRAM 000005
___flge                     text23       002562
___flge@ff1                 cstackCOMRAM 000028
___flge@ff2                 cstackCOMRAM 00002C
___flmul                    text31       00155A
___flmul@a                  cstackCOMRAM 000013
___flmul@aexp               cstackCOMRAM 00001C
___flmul@b                  cstackCOMRAM 00000F
___flmul@bexp               cstackCOMRAM 000021
___flmul@grs                cstackCOMRAM 00001D
___flmul@prod               cstackCOMRAM 000022
___flmul@sign               cstackCOMRAM 00001B
___flmul@temp               cstackCOMRAM 000026
___flneg                    text22       002F22
___flneg@f1                 cstackCOMRAM 000001
___flsub                    text20       002DEA
___flsub@a                  cstackCOMRAM 00002C
___flsub@b                  cstackCOMRAM 000028
___fltol                    text19       00245C
___fltol@exp1               cstackCOMRAM 00000A
___fltol@f1                 cstackCOMRAM 000001
___fltol@sign1              cstackCOMRAM 000009
___fpclassifyf              text18       002666
___fpclassifyf@F465         bssBANK0     0000C6
___fpclassifyf@e            cstackCOMRAM 000009
___fpclassifyf@u            cstackCOMRAM 00000B
___fpclassifyf@x            cstackCOMRAM 000001
___heap_hi                  (abs)        000000
___heap_lo                  (abs)        000000
___inthi_sp                 stack        000000
___inthi_stack_hi           stack        000000
___inthi_stack_lo           stack        000000
___intlo_sp                 stack        000000
___intlo_stack_hi           stack        000000
___intlo_stack_lo           stack        000000
___param_bank               (abs)        000000
___rparam_used              (abs)        000001
___sp                       stack        000000
___stack_hi                 stack        000000
___stack_lo                 stack        000000
___wmul                     text8        002FE2
___wmul@multiplicand        cstackCOMRAM 000003
___wmul@multiplier          cstackCOMRAM 000001
___wmul@product             cstackCOMRAM 000005
___xxtofl                   text30       00214A
___xxtofl@arg               cstackCOMRAM 00000B
___xxtofl@exp               cstackCOMRAM 00000A
___xxtofl@sign              cstackCOMRAM 000009
___xxtofl@val               cstackCOMRAM 000001
__accesstop                 (abs)        000080
__activetblptr              (abs)        000002
__end_of___fladd            text21       00155A
__end_of___fldiv            text32       001D1E
__end_of___fleq             text24       002A70
__end_of___flge             text23       002666
__end_of___flmul            text31       001984
__end_of___flneg            text22       002F5A
__end_of___flsub            text20       002E30
__end_of___fltol            text19       002562
__end_of___fpclassifyf      text18       002764
__end_of___wmul             text8        003008
__end_of___xxtofl           text30       0022FE
__end_of__initialization    cinit        002FB0
__end_of_config_ADC         text36       003054
__end_of_config_FOSC        text35       003068
__end_of_config_IO          text34       00305E
__end_of_conv_AN0           text33       002F8C
__end_of_efgtoa             text9        00109A
__end_of_equation_SENSOR    text29       00291C
__end_of_floorf             text17       00214A
__end_of_fputc              text13       0029C6
__end_of_fputs              text12       002EB0
__end_of_labs               text16       002D9A
__end_of_lcd_SENSOR         text3        002CDE
__end_of_lcd_cmd            text27       002848
__end_of_lcd_init           text2        002C54
__end_of_lcd_send_byte      text26       003046
__end_of_lcd_write          text25       002BB6
__end_of_logic_CONTROL      text1        00245C
__end_of_main               text0        002FE2
__end_of_memcpy             text15       002DEA
__end_of_pad                text11       002D44
__end_of_putch              text14       00306A
__end_of_read_prec_or_width text7        002B16
__end_of_set_bit            text28       003028
__end_of_sprintf            text4        002F22
__end_of_strcpy             text10       002EEA
__end_of_vfpfcnvrt          text6        001F38
__end_of_vfprintf           text5        002E70
__initialization            cinit        002F8C
__mediumconst               mediumconst  000000
__pbssBANK0                 bssBANK0     0000C2
__pbssBANK1                 bssBANK1     000100
__pbssCOMRAM                bssCOMRAM    000069
__pcinit                    cinit        002F8C
__pcstackBANK0              cstackBANK0  000080
__pcstackCOMRAM             cstackCOMRAM 000001
__psmallconst               smallconst   000600
__ptext0                    text0        002FBA
__ptext1                    text1        0022FE
__ptext10                   text10       002EB0
__ptext11                   text11       002CDE
__ptext12                   text12       002E70
__ptext13                   text13       00291C
__ptext14                   text14       003068
__ptext15                   text15       002D9A
__ptext16                   text16       002D44
__ptext17                   text17       001F38
__ptext18                   text18       002666
__ptext19                   text19       00245C
__ptext2                    text2        002BB6
__ptext20                   text20       002DEA
__ptext21                   text21       00109A
__ptext22                   text22       002F22
__ptext23                   text23       002562
__ptext24                   text24       0029C6
__ptext25                   text25       002B16
__ptext26                   text26       003028
__ptext27                   text27       002764
__ptext28                   text28       003008
__ptext29                   text29       002848
__ptext3                    text3        002C54
__ptext30                   text30       00214A
__ptext31                   text31       00155A
__ptext32                   text32       001984
__ptext33                   text33       002F5A
__ptext34                   text34       003054
__ptext35                   text35       00305E
__ptext36                   text36       003046
__ptext4                    text4        002EEA
__ptext5                    text5        002E30
__ptext6                    text6        001D1E
__ptext7                    text7        002A70
__ptext8                    text8        002FE2
__ptext9                    text9        000646
__ramtop                    ramtop       000600
__smallconst                smallconst   000600
_config_ADC                 text36       003046
_config_FOSC                text35       00305E
_config_IO                  text34       003054
_conv_AN0                   text33       002F5A
_dbuf                       bssBANK1     000100
_efgtoa                     text9        000646
_efgtoa$1030                cstackBANK0  000086
_equation_SENSOR            text29       002848
_flags                      bssCOMRAM    000071
_floorf                     text17       001F38
_fputc                      text13       00291C
_fputs                      text12       002E70
_labs                       text16       002D44
_lcd_SENSOR                 text3        002C54
_lcd_cmd                    text27       002764
_lcd_init                   text2        002BB6
_lcd_send_byte              text26       003028
_lcd_write                  text25       002B16
_logic_CONTROL              text1        0022FE
_main                       text0        002FBA
_memcpy                     text15       002D9A
_pad                        text11       002CDE
_prec                       bssCOMRAM    00006F
_putch                      text14       003068
_read_prec_or_width         text7        002A70
_set_bit                    text28       003008
_sprintf                    text4        002EEA
_strcpy                     text10       002EB0
_vfpfcnvrt                  text6        001D1E
_vfprintf                   text5        002E30
_width                      bssCOMRAM    00006D
efgtoa@c                    cstackCOMRAM 00005A
efgtoa@d                    cstackBANK0  00008B
efgtoa@e                    cstackBANK0  00008F
efgtoa@f                    cstackCOMRAM 000056
efgtoa@fp                   cstackCOMRAM 000055
efgtoa@g                    cstackBANK0  0000A2
efgtoa@h                    cstackBANK0  000097
efgtoa@i                    cstackBANK0  00009F
efgtoa@l                    cstackBANK0  00009B
efgtoa@m                    cstackBANK0  00008D
efgtoa@mode                 cstackBANK0  000089
efgtoa@n                    cstackBANK0  0000A6
efgtoa@ne                   cstackBANK0  000080
efgtoa@nmode                cstackBANK0  00008A
efgtoa@ou                   cstackBANK0  000091
efgtoa@p                    cstackBANK0  000082
efgtoa@pp                   cstackBANK0  000088
efgtoa@sign                 cstackBANK0  0000A1
efgtoa@t                    cstackBANK0  000084
efgtoa@u                    cstackBANK0  0000A8
efgtoa@w                    cstackBANK0  000095
end_of_initialization       cinit        002FB0
floorf@F521                 bssBANK0     0000C2
floorf@e                    cstackCOMRAM 00004F
floorf@m                    cstackCOMRAM 00004B
floorf@u                    cstackCOMRAM 000051
floorf@x                    cstackCOMRAM 000041
fputc@c                     cstackCOMRAM 000001
fputc@fp                    cstackCOMRAM 000003
fputs@c                     cstackCOMRAM 00000C
fputs@fp                    cstackCOMRAM 00000B
fputs@i                     cstackCOMRAM 00000D
fputs@s                     cstackCOMRAM 000009
intlevel0                   text         000000
intlevel1                   text         000000
intlevel2                   text         000000
intlevel3                   text         000000
isa$std                     (abs)        000001
isa$xinst                   (abs)        000000
labs@a                      cstackCOMRAM 000001
lcd_cmd@cmd                 cstackCOMRAM 000004
lcd_init@i                  cstackCOMRAM 000006
lcd_send_byte@data          cstackCOMRAM 000005
lcd_send_byte@level         cstackCOMRAM 000006
lcd_write@col               cstackCOMRAM 000007
lcd_write@end               cstackCOMRAM 00000A
lcd_write@lin               cstackCOMRAM 00000B
lcd_write@str               cstackCOMRAM 000008
memcpy@d                    cstackCOMRAM 000008
memcpy@d1                   cstackCOMRAM 000001
memcpy@n                    cstackCOMRAM 000005
memcpy@s                    cstackCOMRAM 00000A
memcpy@s1                   cstackCOMRAM 000003
memcpy@tmp                  cstackCOMRAM 000007
pad@buf                     cstackCOMRAM 000010
pad@fp                      cstackCOMRAM 00000F
pad@i                       cstackCOMRAM 000015
pad@p                       cstackCOMRAM 000012
read_prec_or_width@ap       cstackCOMRAM 000008
read_prec_or_width@c        cstackCOMRAM 000009
read_prec_or_width@fmt      cstackCOMRAM 000007
read_prec_or_width@n        cstackCOMRAM 00000A
set_bit@cmd                 cstackCOMRAM 000002
set_bit@comp                cstackCOMRAM 000001
sprintf@ap                  cstackBANK0  0000B5
sprintf@f                   cstackBANK0  0000B6
sprintf@fmt                 cstackBANK0  0000B0
sprintf@s                   cstackBANK0  0000AF
stackhi                     (abs)        000000
stacklo                     (abs)        000000
start                       init         000000
start_initialization        cinit        002F8C
strcpy@d                    cstackCOMRAM 000005
strcpy@dest                 cstackCOMRAM 000001
strcpy@src                  cstackCOMRAM 000003
vfpfcnvrt@ap                cstackCOMRAM 00005F
vfpfcnvrt@c                 cstackCOMRAM 000066
vfpfcnvrt@convarg           cstackCOMRAM 000061
vfpfcnvrt@cp                cstackCOMRAM 000067
vfpfcnvrt@done              cstackCOMRAM 000065
vfpfcnvrt@fmt               cstackCOMRAM 00005E
vfpfcnvrt@fp                cstackCOMRAM 00005D
vfprintf@ap                 cstackBANK0  0000AE
vfprintf@cfmt               cstackCOMRAM 000068
vfprintf@fmt                cstackBANK0  0000AD
vfprintf@fp                 cstackBANK0  0000AC


MODULE INFORMATION

Module		Function		Class		Link	Load	Size
C:\Program Files\Microchip\xc8\v2.46\pic\sources\c99\common\fltol.c
		___fltol       		CODE           	245C	0000	262

C:\Program Files\Microchip\xc8\v2.46\pic\sources\c99\common\fltol.c estimated size: 262

C:\Program Files\Microchip\xc8\v2.46\pic\sources\c99\common\floorf.c
		_floorf        		CODE           	1F38	0000	530

C:\Program Files\Microchip\xc8\v2.46\pic\sources\c99\common\floorf.c estimated size: 530

C:\Program Files\Microchip\xc8\v2.46\pic\sources\c99\common\nf_fputc.c
		_fputc         		CODE           	291C	0000	170

C:\Program Files\Microchip\xc8\v2.46\pic\sources\c99\common\nf_fputc.c estimated size: 170

Main_program.c
		_main          		CODE           	2FBA	0000	40
		_lcd_SENSOR    		CODE           	2C54	0000	138
		_conv_AN0      		CODE           	2F5A	0000	50
		_equation_SENSOR		CODE           	2848	0000	212
		_config_IO     		CODE           	3054	0000	10
		_config_ADC    		CODE           	3046	0000	14
		_config_FOSC   		CODE           	305E	0000	10
		_logic_CONTROL 		CODE           	22FE	0000	350

Main_program.c estimated size: 824

C:\Program Files\Microchip\xc8\v2.46\pic\sources\c99\common\xxtofl.c
		___xxtofl      		CODE           	214A	0000	436

C:\Program Files\Microchip\xc8\v2.46\pic\sources\c99\common\xxtofl.c estimated size: 436

LCD4b_EXSTO.c
		_lcd_cmd       		CODE           	2764	0000	228
		_lcd_send_byte 		CODE           	3028	0000	30
		_set_bit       		CODE           	3008	0000	32
		_lcd_write     		CODE           	2B16	0000	160
		_lcd_init      		CODE           	2BB6	0000	158

LCD4b_EXSTO.c estimated size: 608

C:\Program Files\Microchip\xc8\v2.46\pic\sources\c99\common\flneg.c
		___flneg       		CODE           	2F22	0000	56

C:\Program Files\Microchip\xc8\v2.46\pic\sources\c99\common\flneg.c estimated size: 56

C:\Program Files\Microchip\xc8\v2.46\pic\sources\c99\common\__fpclassifyf.c
		___fpclassifyf 		CODE           	2666	0000	254

C:\Program Files\Microchip\xc8\v2.46\pic\sources\c99\common\__fpclassifyf.c estimated size: 254

C:\Program Files\Microchip\xc8\v2.46\pic\sources\c99\common\sprcmul.c
		___flmul       		CODE           	155A	0000	1066

C:\Program Files\Microchip\xc8\v2.46\pic\sources\c99\common\sprcmul.c estimated size: 1066

C:\Program Files\Microchip\xc8\v2.46\pic\sources\c99\common\strcpy.c
		_strcpy        		CODE           	2EB0	0000	58

C:\Program Files\Microchip\xc8\v2.46\pic\sources\c99\common\strcpy.c estimated size: 58

C:\Program Files\Microchip\xc8\v2.46\pic\sources\c99\common\sprcdiv.c
		___fldiv       		CODE           	1984	0000	922

C:\Program Files\Microchip\xc8\v2.46\pic\sources\c99\common\sprcdiv.c estimated size: 922

C:\Program Files\Microchip\xc8\v2.46\pic\sources\c99\common\fleq.c
		___fleq        		CODE           	29C6	0000	170

C:\Program Files\Microchip\xc8\v2.46\pic\sources\c99\common\fleq.c estimated size: 170

C:\Program Files\Microchip\xc8\v2.46\pic\sources\c99\common\doprnt.c
		_read_prec_or_width		CODE           	2A70	0000	166
		_vfpfcnvrt     		CODE           	1D1E	0000	538
		_efgtoa        		CODE           	0646	0000	2644
		_pad           		CODE           	2CDE	0000	102
		_vfprintf      		CODE           	2E30	0000	64

C:\Program Files\Microchip\xc8\v2.46\pic\sources\c99\common\doprnt.c estimated size: 3514

C:\Program Files\Microchip\xc8\v2.46\pic\sources\c99\common\nf_sprintf.c
		_sprintf       		CODE           	2EEA	0000	56

C:\Program Files\Microchip\xc8\v2.46\pic\sources\c99\common\nf_sprintf.c estimated size: 56

shared
		__initialization		CODE           	2F8C	0000	36

shared estimated size: 36

C:\Program Files\Microchip\xc8\v2.46\pic\sources\c99\common\putch.c
		_putch         		CODE           	3068	0000	2

C:\Program Files\Microchip\xc8\v2.46\pic\sources\c99\common\putch.c estimated size: 2

C:\Program Files\Microchip\xc8\v2.46\pic\sources\c99\common\Umul16.c
		___wmul        		CODE           	2FE2	0000	38

C:\Program Files\Microchip\xc8\v2.46\pic\sources\c99\common\Umul16.c estimated size: 38

C:\Program Files\Microchip\xc8\v2.46\pic\sources\c99\common\nf_fputs.c
		_fputs         		CODE           	2E70	0000	64

C:\Program Files\Microchip\xc8\v2.46\pic\sources\c99\common\nf_fputs.c estimated size: 64

C:\Program Files\Microchip\xc8\v2.46\pic\sources\c99\common\sprcadd.c
		___flsub       		CODE           	2DEA	0000	70
		___fladd       		CODE           	109A	0000	1216

C:\Program Files\Microchip\xc8\v2.46\pic\sources\c99\common\sprcadd.c estimated size: 1286

C:\Program Files\Microchip\xc8\v2.46\pic\sources\c99\common\memcpy.c
		_memcpy        		CODE           	2D9A	0000	80

C:\Program Files\Microchip\xc8\v2.46\pic\sources\c99\common\memcpy.c estimated size: 80

C:\Program Files\Microchip\xc8\v2.46\pic\sources\c99\common\labs.c
		_labs          		CODE           	2D44	0000	86

C:\Program Files\Microchip\xc8\v2.46\pic\sources\c99\common\labs.c estimated size: 86

C:\Program Files\Microchip\xc8\v2.46\pic\sources\c99\common\flge.c
		___flge        		CODE           	2562	0000	260

C:\Program Files\Microchip\xc8\v2.46\pic\sources\c99\common\flge.c estimated size: 260

