Microchip MPLAB XC8 Compiler V2.36

Linker command line:

-W-3 --edf=C:\Program Files\Microchip\xc8\v2.36\pic\dat\en_msgs.txt -cn \
  -h+dist/default/production\LCD_Temp_Control.X.production.sym \
  --cmf=dist/default/production\LCD_Temp_Control.X.production.cmf -z \
  -Q18F4520 -oC:\Users\BRUNOM~1\AppData\Local\Temp\xcAsdrg.4 \
  --defsym=__MPLAB_BUILD=1 \
  -Mdist/default/production/LCD_Temp_Control.X.production.map \
  --md=C:\Users\BRUNOM~1\AppData\Local\Temp\xcAsdrg.dat -E1 \
  -ver=XC8 Compiler --acfsm=1493 -ACODE=00h-07FFFh -ACONST=00h-07FFFh \
  -ASMALLCONST=0600h-06FFhx122 -AMEDIUMCONST=0600h-07FFFh -ACOMRAM=01h-07Fh \
  -AABS1=00h-05FFh -ABIGRAM=01h-05FFh -ARAM=080h-0FFh,0100h-01FFhx5 \
  -ABANK0=080h-0FFh -ABANK1=0100h-01FFh -ABANK2=0200h-02FFh \
  -ABANK3=0300h-03FFh -ABANK4=0400h-04FFh -ABANK5=0500h-05FFh \
  -ASFR=0F80h-0FFFh -ABIGSFR=0F80h-0FFFh -ACONFIG=0300000h-030000Dh \
  -AIDLOC=0200000h-0200007h -AEEDATA=0F00000h-0F000FFh -peeprom_data=EEDATA \
  -preset_vec=00h,intcode,intcodelo,powerup,init -pramtop=0600h \
  -psmallconst=SMALLCONST -pmediumconst=MEDIUMCONST -pconst=CONST \
  -AFARRAM=00h-00h \
  -prdata=COMRAM,nvrram=COMRAM,nvbit=COMRAM,rbss=COMRAM,rbit=COMRAM \
  -pfarbss=FARRAM,fardata=FARRAM,nvFARRAM=FARRAM \
  -pintsave_regs=BIGRAM,bigbss=BIGRAM,bigdata=BIGRAM -pbss=RAM \
  -pidata=CODE,irdata=CODE,ibigdata=CODE,ifardata=CODE -prparam=COMRAM \
  C:\Users\BRUNOM~1\AppData\Local\Temp\xcAsdrg.o \
  dist/default/production\LCD_Temp_Control.X.production.o 

Object code version is 3.11

Machine type is 18F4520



                Name                               Link     Load   Length Selector   Space Scale
C:\Users\BRUNOM~1\AppData\Local\Temp\xcAsdrg.o
                idloc                            200000   200000        8        0       5
                config                           300000   300000        E        0       4
                init                                  0        0        4        0       0
dist/default/production\LCD_Temp_Control.X.production.o
                idloc                            200000   200000        8        0       5
                config                           300000   300000        E        0       4
                smallconst                          600      600       74      300       0
                text48                             43FE     43FE        E      33A       0
                text47                             440C     440C        A      33A       0
                text46                             43F0     43F0        E      33A       0
                text45                             432A     432A       34      33A       0
                text44                             2272     2272      39A      33A       0
                text43                             1E48     1E48      42A      33A       0
                text42                             2CC6     2CC6      1B4      33A       0
                text41                             393E     393E       D4      33A       0
                text40                             43B2     43B2       20      33A       0
                text39                             36B0     36B0       E4      33A       0
                text38                             43D2     43D2       1E      33A       0
                text37                             3E62     3E62       A0      33A       0
                text36                             438C     438C       26      33A       0
                text35                             42BC     42BC       38      33A       0
                text34                             40AC     40AC       52      33A       0
                text33                             3166     3166      156      33A       0
                text32                             4416     4416        2      33A       0
                text31                             3A12     3A12       CA      33A       0
                text30                             386A     386A       D4      33A       0
                text29                             2E7A     2E7A      188      33A       0
                text28                             3002     3002      164      33A       0
                text27                             41CE     41CE       40      33A       0
                text26                             418A     418A       44      33A       0
                text25                             42F4     42F4       36      33A       0
                text24                             3BA0     3BA0       C2      33A       0
                text23                             260C     260C      2DE      33A       0
                text22                             3ADC     3ADC       C4      33A       0
                text21                             3C62     3C62       B0      33A       0
                text20                             3D12     3D12       AA      33A       0
                text19                             33C2     33C2      104      33A       0
                text18                             4284     4284       38      33A       0
                text17                             1988     1988      4C0      33A       0
                text16                             4144     4144       46      33A       0
                text15                             32BC     32BC      106      33A       0
                text14                             34C6     34C6       FE      33A       0
                text13                             28EA     28EA      212      33A       0
                text12                             3FFE     3FFE       5C      33A       0
                text11                             424C     424C       38      33A       0
                text10                             40FE     40FE       46      33A       0
                text9                               674      674      C10      33A       0
                text8                              3794     3794       D6      33A       0
                text7                              1284     1284      704      33A       0
                text6                              3F9C     3F9C       62      33A       0
                text5                              405A     405A       52      33A       0
                text4                              35C4     35C4       EC      33A       0
                text3                              3DBC     3DBC       A6      33A       0
                text2                              3F02     3F02       9A      33A       0
                text1                              2AFC     2AFC      1CA      33A       0
                text0                              420E     420E       3E      33A       0
                cstackCOMRAM                          1        1       78        1       1
                cstackBANK0                          80       80       55       80       1
                bssBANK1                            100      100       80      100       1
                bssBANK0                             D5       D5       26       80       1
                bssCOMRAM                            79       79        6        1       1
                cinit                              435E     435E       2E      33A       0

TOTAL           Name                               Link     Load   Length     Space
        CLASS   CODE           
                init                                  0        0        4         0
                text48                             43FE     43FE        E         0
                text47                             440C     440C        A         0
                text46                             43F0     43F0        E         0
                text45                             432A     432A       34         0
                text44                             2272     2272      39A         0
                text43                             1E48     1E48      42A         0
                text42                             2CC6     2CC6      1B4         0
                text41                             393E     393E       D4         0
                text40                             43B2     43B2       20         0
                text39                             36B0     36B0       E4         0
                text38                             43D2     43D2       1E         0
                text37                             3E62     3E62       A0         0
                text36                             438C     438C       26         0
                text35                             42BC     42BC       38         0
                text34                             40AC     40AC       52         0
                text33                             3166     3166      156         0
                text32                             4416     4416        2         0
                text31                             3A12     3A12       CA         0
                text30                             386A     386A       D4         0
                text29                             2E7A     2E7A      188         0
                text28                             3002     3002      164         0
                text27                             41CE     41CE       40         0
                text26                             418A     418A       44         0
                text25                             42F4     42F4       36         0
                text24                             3BA0     3BA0       C2         0
                text23                             260C     260C      2DE         0
                text22                             3ADC     3ADC       C4         0
                text21                             3C62     3C62       B0         0
                text20                             3D12     3D12       AA         0
                text19                             33C2     33C2      104         0
                text18                             4284     4284       38         0
                text17                             1988     1988      4C0         0
                text16                             4144     4144       46         0
                text15                             32BC     32BC      106         0
                text14                             34C6     34C6       FE         0
                text13                             28EA     28EA      212         0
                text12                             3FFE     3FFE       5C         0
                text11                             424C     424C       38         0
                text10                             40FE     40FE       46         0
                text9                               674      674      C10         0
                text8                              3794     3794       D6         0
                text7                              1284     1284      704         0
                text6                              3F9C     3F9C       62         0
                text5                              405A     405A       52         0
                text4                              35C4     35C4       EC         0
                text3                              3DBC     3DBC       A6         0
                text2                              3F02     3F02       9A         0
                text1                              2AFC     2AFC      1CA         0
                text0                              420E     420E       3E         0
                cinit                              435E     435E       2E         0

        CLASS   CONST          

        CLASS   SMALLCONST     
                smallconst                          600      600       74         0

        CLASS   MEDIUMCONST    

        CLASS   COMRAM         
                cstackCOMRAM                          1        1       78         1
                bssCOMRAM                            79       79        6         1

        CLASS   ABS1           

        CLASS   BIGRAM         

        CLASS   RAM            

        CLASS   BANK0          
                cstackBANK0                          80       80       55         1
                bssBANK0                             D5       D5       26         1

        CLASS   BANK1          
                bssBANK1                            100      100       80         1

        CLASS   BANK2          

        CLASS   BANK3          

        CLASS   BANK4          

        CLASS   BANK5          

        CLASS   SFR            

        CLASS   BIGSFR         

        CLASS   CONFIG         
                config                           300000   300000        E         4

        CLASS   IDLOC          
                idloc                            200000   200000        8         5

        CLASS   EEDATA         

        CLASS   FARRAM         

        CLASS   HEAP           

        CLASS   STACK          



SEGMENTS        Name                           Load    Length   Top    Selector   Space  Class

                reset_vec                      000000  000004  000004         0       0  CODE    
                cstackCOMRAM                   000001  00007E  00007F         1       1  COMRAM  
                cstackBANK0                    000080  00007B  0000FB        80       1  BANK0   
                bssBANK1                       000100  000080  000180       100       1  BANK1   
                smallconst                     000600  000074  000674       300       0  SMALLCON
                text9                          000674  003DA4  004418       33A       0  CODE    


UNUSED ADDRESS RANGES

        Name                Unused          Largest block    Delta
        BANK0            0000FB-0000FF                5
        BANK1            000180-0001FF               80
        BANK2            000200-0002FF              100
        BANK3            000300-0003FF              100
        BANK4            000400-0004FF              100
        BANK5            000500-0005FF              100
        BIGRAM           00007F-00007F                1
                         0000FB-0000FF                5
                         000180-0005FF              480
        BIGSFR           000F80-000FFF               80
        CODE             000004-0005FF              5FC
                         004418-007FFF             3BE8
        COMRAM           00007F-00007F                1
        CONST            000004-0005FF              5FC
                         004418-007FFF             3BE8
        EEDATA           F00000-F000FF              100
        MEDIUMCONST      004418-007FFF             3BE8
        RAM              0000FB-0000FF                5
                         000180-0005FF              100
        SFR              000F80-000FFF               80
        SMALLCONST       004418-007FFF              100

                                  Symbol Table

?___aodiv                cstackCOMRAM 000001
?___aomod                cstackCOMRAM 000001
?___awdiv                cstackCOMRAM 000001
?___awmod                cstackCOMRAM 000001
?___fladd                cstackCOMRAM 000001
?___fldiv                cstackCOMRAM 000028
?___flmul                cstackCOMRAM 00000F
?___flneg                cstackCOMRAM 000001
?___flsub                cstackCOMRAM 000028
?___fltol                cstackCOMRAM 000001
?___fpclassifyf          cstackCOMRAM 000001
?___wmul                 cstackCOMRAM 000001
?___xxtofl               cstackCOMRAM 000001
?_abs                    cstackCOMRAM 000013
?_atoi                   cstackCOMRAM 000008
?_ctoa                   cstackCOMRAM 00000A
?_dtoa                   cstackCOMRAM 00001C
?_efgtoa                 cstackCOMRAM 000055
?_floorf                 cstackCOMRAM 000041
?_isdigit                cstackCOMRAM 000001
?_isspace                cstackCOMRAM 000001
?_isupper                cstackCOMRAM 000001
?_pad                    cstackCOMRAM 000011
?_sprintf                cstackBANK0  0000BE
?_strlen                 cstackCOMRAM 000001
?_strncmp                cstackCOMRAM 000001
?_tolower                cstackCOMRAM 000007
?_vfpfcnvrt              cstackBANK0  0000B2
?_vfprintf               cstackBANK0  0000B8
_ADCON0                  (abs)        000FC2
_ADCON0bits              (abs)        000FC2
_ADCON1                  (abs)        000FC1
_ADCON2                  (abs)        000FC0
_ADRESH                  (abs)        000FC4
_ADRESL                  (abs)        000FC3
_BufferFAN1              bssBANK0     0000F1
_BufferFAN2              bssBANK1     000178
_BufferLCD_Percent       bssBANK1     000150
_BufferLCD_Temp          bssBANK1     000160
_BufferRES               bssBANK1     000170
_FAN1                    bssBANK0     0000EF
_FAN2                    bssBANK0     0000ED
_OSCCON                  (abs)        000FD3
_OSCTUNE                 (abs)        000F9B
_PORTBbits               (abs)        000F81
_PORTC                   (abs)        000F82
_PORTCbits               (abs)        000F82
_PORTD                   (abs)        000F83
_PORTDbits               (abs)        000F83
_PORTEbits               (abs)        000F84
_RES                     bssBANK0     0000EB
_TRISB                   (abs)        000F93
_TRISC                   (abs)        000F94
_TRISD                   (abs)        000F95
_TRISEbits               (abs)        000F96
_TempPercent             bssBANK0     0000E1
_TempSensor              bssBANK0     0000E5
_VdigADC_AN0             bssBANK0     0000F9
_VoltageSensor           bssBANK0     0000DD
__HRAM                   (abs)        000000
__Habs1                  abs1         000000
__Hbank0                 bank0        000000
__Hbank1                 bank1        000000
__Hbank2                 bank2        000000
__Hbank3                 bank3        000000
__Hbank4                 bank4        000000
__Hbank5                 bank5        000000
__Hbigbss                bigbss       000000
__Hbigdata               bigdata      000000
__Hbigram                bigram       000000
__Hbigsfr                bigsfr       000000
__Hbss                   bss          000000
__HbssBANK0              bssBANK0     000000
__HbssBANK1              bssBANK1     000000
__HbssCOMRAM             bssCOMRAM    000000
__Hcinit                 cinit        000000
__Hclrtext               clrtext      000000
__Hcomram                comram       000000
__Hconfig                config       30000E
__Hconst                 const        000000
__HcstackBANK0           cstackBANK0  000000
__HcstackCOMRAM          cstackCOMRAM 000000
__Hdata                  data         000000
__Heeprom_data           eeprom_data  000000
__Hfarbss                farbss       000000
__Hfardata               fardata      000000
__Hheap                  heap         000000
__Hibigdata              ibigdata     000000
__Hidata                 idata        000000
__Hidloc                 idloc        200008
__Hifardata              ifardata     000000
__Hinit                  init         000004
__Hintcode               intcode      000000
__Hintcode_body          intcode_body 000000
__Hintcodelo             intcodelo    000000
__Hintentry              intentry     000000
__Hintret                intret       000000
__Hintsave_regs          intsave_regs 000000
__Hirdata                irdata       000000
__Hmediumconst           mediumconst  000000
__HnvFARRAM              nvFARRAM     000000
__Hnvbit                 nvbit        000000
__Hnvrram                nvrram       000000
__Hparam                 rparam       000000
__Hpowerup               powerup      000000
__Hram                   ram          000000
__Hramtop                ramtop       000600
__Hrbit                  rbit         000000
__Hrbss                  rbss         000000
__Hrdata                 rdata        000000
__Hreset_vec             reset_vec    000000
__Hrparam                rparam       000000
__Hsfr                   sfr          000000
__Hsmallconst            smallconst   000674
__Hspace_0               (abs)        004418
__Hspace_1               (abs)        000180
__Hspace_2               (abs)        000000
__Hspace_4               (abs)        60000E
__Hstack                 stack        000000
__Hstruct                struct       000000
__Htemp                  temp         000000
__Htext                  text         000000
__Htext0                 text0        000000
__Htext1                 text1        000000
__Htext10                text10       000000
__Htext11                text11       000000
__Htext12                text12       000000
__Htext13                text13       000000
__Htext14                text14       000000
__Htext15                text15       000000
__Htext16                text16       000000
__Htext17                text17       000000
__Htext18                text18       000000
__Htext19                text19       000000
__Htext2                 text2        000000
__Htext20                text20       000000
__Htext21                text21       000000
__Htext22                text22       000000
__Htext23                text23       000000
__Htext24                text24       000000
__Htext25                text25       000000
__Htext26                text26       000000
__Htext27                text27       000000
__Htext28                text28       000000
__Htext29                text29       000000
__Htext3                 text3        000000
__Htext30                text30       000000
__Htext31                text31       000000
__Htext32                text32       000000
__Htext33                text33       000000
__Htext34                text34       000000
__Htext35                text35       000000
__Htext36                text36       000000
__Htext37                text37       000000
__Htext38                text38       000000
__Htext39                text39       000000
__Htext4                 text4        000000
__Htext40                text40       000000
__Htext41                text41       000000
__Htext42                text42       000000
__Htext43                text43       000000
__Htext44                text44       000000
__Htext45                text45       000000
__Htext46                text46       000000
__Htext47                text47       000000
__Htext48                text48       000000
__Htext5                 text5        000000
__Htext6                 text6        000000
__Htext7                 text7        000000
__Htext8                 text8        000000
__Htext9                 text9        000000
__LRAM                   (abs)        000001
__Labs1                  abs1         000000
__Lbank0                 bank0        000000
__Lbank1                 bank1        000000
__Lbank2                 bank2        000000
__Lbank3                 bank3        000000
__Lbank4                 bank4        000000
__Lbank5                 bank5        000000
__Lbigbss                bigbss       000000
__Lbigdata               bigdata      000000
__Lbigram                bigram       000000
__Lbigsfr                bigsfr       000000
__Lbss                   bss          000000
__LbssBANK0              bssBANK0     000000
__LbssBANK1              bssBANK1     000000
__LbssCOMRAM             bssCOMRAM    000000
__Lcinit                 cinit        000000
__Lclrtext               clrtext      000000
__Lcomram                comram       000000
__Lconfig                config       000000
__Lconst                 const        000000
__LcstackBANK0           cstackBANK0  000000
__LcstackCOMRAM          cstackCOMRAM 000000
__Ldata                  data         000000
__Leeprom_data           eeprom_data  000000
__Lfarbss                farbss       000000
__Lfardata               fardata      000000
__Lheap                  heap         000000
__Libigdata              ibigdata     000000
__Lidata                 idata        000000
__Lidloc                 idloc        000000
__Lifardata              ifardata     000000
__Linit                  init         000000
__Lintcode               intcode      000000
__Lintcode_body          intcode_body 000000
__Lintcodelo             intcodelo    000000
__Lintentry              intentry     000000
__Lintret                intret       000000
__Lintsave_regs          intsave_regs 000000
__Lirdata                irdata       000000
__Lmediumconst           mediumconst  000000
__LnvFARRAM              nvFARRAM     000000
__Lnvbit                 nvbit        000000
__Lnvrram                nvrram       000000
__Lparam                 rparam       000000
__Lpowerup               powerup      000000
__Lram                   ram          000000
__Lramtop                ramtop       000600
__Lrbit                  rbit         000000
__Lrbss                  rbss         000000
__Lrdata                 rdata        000000
__Lreset_vec             reset_vec    000000
__Lrparam                rparam       000000
__Lsfr                   sfr          000000
__Lsmallconst            smallconst   000600
__Lspace_0               (abs)        000000
__Lspace_1               (abs)        000000
__Lspace_2               (abs)        000000
__Lspace_4               (abs)        000000
__Lstack                 stack        000000
__Lstruct                struct       000000
__Ltemp                  temp         000000
__Ltext                  text         000000
__Ltext0                 text0        000000
__Ltext1                 text1        000000
__Ltext10                text10       000000
__Ltext11                text11       000000
__Ltext12                text12       000000
__Ltext13                text13       000000
__Ltext14                text14       000000
__Ltext15                text15       000000
__Ltext16                text16       000000
__Ltext17                text17       000000
__Ltext18                text18       000000
__Ltext19                text19       000000
__Ltext2                 text2        000000
__Ltext20                text20       000000
__Ltext21                text21       000000
__Ltext22                text22       000000
__Ltext23                text23       000000
__Ltext24                text24       000000
__Ltext25                text25       000000
__Ltext26                text26       000000
__Ltext27                text27       000000
__Ltext28                text28       000000
__Ltext29                text29       000000
__Ltext3                 text3        000000
__Ltext30                text30       000000
__Ltext31                text31       000000
__Ltext32                text32       000000
__Ltext33                text33       000000
__Ltext34                text34       000000
__Ltext35                text35       000000
__Ltext36                text36       000000
__Ltext37                text37       000000
__Ltext38                text38       000000
__Ltext39                text39       000000
__Ltext4                 text4        000000
__Ltext40                text40       000000
__Ltext41                text41       000000
__Ltext42                text42       000000
__Ltext43                text43       000000
__Ltext44                text44       000000
__Ltext45                text45       000000
__Ltext46                text46       000000
__Ltext47                text47       000000
__Ltext48                text48       000000
__Ltext5                 text5        000000
__Ltext6                 text6        000000
__Ltext7                 text7        000000
__Ltext8                 text8        000000
__Ltext9                 text9        000000
__S0                     (abs)        004418
__S1                     (abs)        000180
__S4                     (abs)        000000
__S5                     (abs)        000000
___aodiv                 text29       002E7A
___aodiv@counter         cstackCOMRAM 000011
___aodiv@dividend        cstackCOMRAM 000001
___aodiv@divisor         cstackCOMRAM 000009
___aodiv@quotient        cstackCOMRAM 000013
___aodiv@sign            cstackCOMRAM 000012
___aomod                 text28       003002
___aomod@counter         cstackCOMRAM 000011
___aomod@dividend        cstackCOMRAM 000001
___aomod@divisor         cstackCOMRAM 000009
___aomod@sign            cstackCOMRAM 000012
___awdiv                 text22       003ADC
___awdiv@counter         cstackCOMRAM 000005
___awdiv@dividend        cstackCOMRAM 000001
___awdiv@divisor         cstackCOMRAM 000003
___awdiv@quotient        cstackCOMRAM 000007
___awdiv@sign            cstackCOMRAM 000006
___awmod                 text21       003C62
___awmod@counter         cstackCOMRAM 000005
___awmod@dividend        cstackCOMRAM 000001
___awmod@divisor         cstackCOMRAM 000003
___awmod@sign            cstackCOMRAM 000006
___fladd                 text17       001988
___fladd@a               cstackCOMRAM 000005
___fladd@aexp            cstackCOMRAM 00000E
___fladd@b               cstackCOMRAM 000001
___fladd@bexp            cstackCOMRAM 00000F
___fladd@grs             cstackCOMRAM 000010
___fladd@signs           cstackCOMRAM 00000D
___fldiv                 text44       002272
___fldiv@a               cstackCOMRAM 00002C
___fldiv@aexp            cstackCOMRAM 000040
___fldiv@b               cstackCOMRAM 000028
___fldiv@bexp            cstackCOMRAM 00003F
___fldiv@grs             cstackCOMRAM 00003B
___fldiv@new_exp         cstackCOMRAM 000039
___fldiv@rem             cstackCOMRAM 000034
___fldiv@sign            cstackCOMRAM 000038
___fleq                  text20       003D12
___fleq@ff1              cstackCOMRAM 000001
___fleq@ff2              cstackCOMRAM 000005
___flge                  text19       0033C2
___flge@ff1              cstackCOMRAM 000028
___flge@ff2              cstackCOMRAM 00002C
___flmul                 text43       001E48
___flmul@a               cstackCOMRAM 000013
___flmul@aexp            cstackCOMRAM 000020
___flmul@b               cstackCOMRAM 00000F
___flmul@bexp            cstackCOMRAM 000021
___flmul@grs             cstackCOMRAM 00001C
___flmul@prod            cstackCOMRAM 000022
___flmul@sign            cstackCOMRAM 00001B
___flmul@temp            cstackCOMRAM 000026
___flneg                 text18       004284
___flneg@f1              cstackCOMRAM 000001
___flsub                 text16       004144
___flsub@a               cstackCOMRAM 00002C
___flsub@b               cstackCOMRAM 000028
___fltol                 text15       0032BC
___fltol@exp1            cstackCOMRAM 00000A
___fltol@f1              cstackCOMRAM 000001
___fltol@sign1           cstackCOMRAM 000009
___fpclassifyf           text14       0034C6
___fpclassifyf@F465      bssBANK0     0000D9
___fpclassifyf@e         cstackCOMRAM 000009
___fpclassifyf@u         cstackCOMRAM 00000B
___fpclassifyf@x         cstackCOMRAM 000001
___heap_hi               (abs)        000000
___heap_lo               (abs)        000000
___inthi_sp              stack        000000
___intlo_sp              stack        000000
___param_bank            (abs)        000000
___rparam_used           (abs)        000001
___sp                    stack        000000
___wmul                  text36       00438C
___wmul@multiplicand     cstackCOMRAM 000003
___wmul@multiplier       cstackCOMRAM 000001
___wmul@product          cstackCOMRAM 000005
___xxtofl                text42       002CC6
___xxtofl@arg            cstackCOMRAM 00000B
___xxtofl@exp            cstackCOMRAM 00000A
___xxtofl@sign           cstackCOMRAM 000009
___xxtofl@val            cstackCOMRAM 000001
__accesstop              (abs)        000080
__activetblptr           (abs)        000002
__end_of___aodiv         text29       003002
__end_of___aomod         text28       003166
__end_of___awdiv         text22       003BA0
__end_of___awmod         text21       003D12
__end_of___fladd         text17       001E48
__end_of___fldiv         text44       00260C
__end_of___fleq          text20       003DBC
__end_of___flge          text19       0034C6
__end_of___flmul         text43       002272
__end_of___flneg         text18       0042BC
__end_of___flsub         text16       00418A
__end_of___fltol         text15       0033C2
__end_of___fpclassifyf   text14       0035C4
__end_of___wmul          text36       0043B2
__end_of___xxtofl        text42       002E7A
__end_of__initialization cinit        004382
__end_of_abs             text27       00420E
__end_of_atoi            text33       0032BC
__end_of_config_ADC      text48       00440C
__end_of_config_FOSC     text47       004416
__end_of_config_IO       text46       0043FE
__end_of_conv_AN0        text45       00435E
__end_of_ctoa            text30       00393E
__end_of_dtoa            text23       0028EA
__end_of_efgtoa          text9        001284
__end_of_equation_SENSOR text41       003A12
__end_of_floorf          text13       002AFC
__end_of_fputc           text31       003ADC
__end_of_fputs           text26       0041CE
__end_of_isdigit         text35       0042F4
__end_of_isspace         text34       0040FE
__end_of_isupper         text11       004284
__end_of_lcd_PERIPHERAL  text4        0036B0
__end_of_lcd_SENSOR      text3        003E62
__end_of_lcd_cmd         text39       003794
__end_of_lcd_init        text2        003F9C
__end_of_lcd_send_byte   text38       0043F0
__end_of_lcd_write       text37       003F02
__end_of_logic_CONTROL   text1        002CC6
__end_of_main            text0        00424C
__end_of_pad             text24       003C62
__end_of_putch           text32       004418
__end_of_set_bit         text40       0043D2
__end_of_sprintf         text5        0040AC
__end_of_strcpy          text12       00405A
__end_of_strlen          text25       00432A
__end_of_strncmp         text8        00386A
__end_of_tolower         text10       004144
__end_of_vfpfcnvrt       text7        001988
__end_of_vfprintf        text6        003FFE
__initialization         cinit        00435E
__mediumconst            mediumconst  000000
__pbssBANK0              bssBANK0     0000D5
__pbssBANK1              bssBANK1     000100
__pbssCOMRAM             bssCOMRAM    000079
__pcinit                 cinit        00435E
__pcstackBANK0           cstackBANK0  000080
__pcstackCOMRAM          cstackCOMRAM 000001
__psmallconst            smallconst   000600
__ptext0                 text0        00420E
__ptext1                 text1        002AFC
__ptext10                text10       0040FE
__ptext11                text11       00424C
__ptext12                text12       003FFE
__ptext13                text13       0028EA
__ptext14                text14       0034C6
__ptext15                text15       0032BC
__ptext16                text16       004144
__ptext17                text17       001988
__ptext18                text18       004284
__ptext19                text19       0033C2
__ptext2                 text2        003F02
__ptext20                text20       003D12
__ptext21                text21       003C62
__ptext22                text22       003ADC
__ptext23                text23       00260C
__ptext24                text24       003BA0
__ptext25                text25       0042F4
__ptext26                text26       00418A
__ptext27                text27       0041CE
__ptext28                text28       003002
__ptext29                text29       002E7A
__ptext3                 text3        003DBC
__ptext30                text30       00386A
__ptext31                text31       003A12
__ptext32                text32       004416
__ptext33                text33       003166
__ptext34                text34       0040AC
__ptext35                text35       0042BC
__ptext36                text36       00438C
__ptext37                text37       003E62
__ptext38                text38       0043D2
__ptext39                text39       0036B0
__ptext4                 text4        0035C4
__ptext40                text40       0043B2
__ptext41                text41       00393E
__ptext42                text42       002CC6
__ptext43                text43       001E48
__ptext44                text44       002272
__ptext45                text45       00432A
__ptext46                text46       0043F0
__ptext47                text47       00440C
__ptext48                text48       0043FE
__ptext5                 text5        00405A
__ptext6                 text6        003F9C
__ptext7                 text7        001284
__ptext8                 text8        003794
__ptext9                 text9        000674
__ramtop                 ramtop       000600
__smallconst             smallconst   000600
_abs                     text27       0041CE
_atoi                    text33       003166
_config_ADC              text48       0043FE
_config_FOSC             text47       00440C
_config_IO               text46       0043F0
_conv_AN0                text45       00432A
_ctoa                    text30       00386A
_dbuf                    bssBANK1     000100
_dtoa                    text23       00260C
_dtoa$1141               cstackCOMRAM 00002E
_efgtoa                  text9        000674
_efgtoa$1165             cstackBANK0  000080
_efgtoa$1172             cstackBANK0  000082
_efgtoa$1173             cstackBANK0  000084
_equation_SENSOR         text41       00393E
_flags                   bssCOMRAM    00007D
_floorf                  text13       0028EA
_fputc                   text31       003A12
_fputs                   text26       00418A
_isdigit                 text35       0042BC
_isspace                 text34       0040AC
_isspace$1255            cstackCOMRAM 000007
_isupper                 text11       00424C
_lcd_PERIPHERAL          text4        0035C4
_lcd_SENSOR              text3        003DBC
_lcd_cmd                 text39       0036B0
_lcd_init                text2        003F02
_lcd_send_byte           text38       0043D2
_lcd_write               text37       003E62
_logic_CONTROL           text1        002AFC
_main                    text0        00420E
_nout                    bssBANK0     0000E9
_pad                     text24       003BA0
_prec                    bssCOMRAM    00007B
_putch                   text32       004416
_set_bit                 text40       0043B2
_sprintf                 text5        00405A
_strcpy                  text12       003FFE
_strlen                  text25       0042F4
_strncmp                 text8        003794
_tolower                 text10       0040FE
_vfpfcnvrt               text7        001284
_vfprintf                text6        003F9C
_width                   bssCOMRAM    000079
abs@a                    cstackCOMRAM 000013
atoi@n                   cstackCOMRAM 000010
atoi@neg                 cstackCOMRAM 00000E
atoi@s                   cstackCOMRAM 000008
ctoa@c                   cstackCOMRAM 00000C
ctoa@fp                  cstackCOMRAM 00000A
ctoa@l                   cstackCOMRAM 00000E
ctoa@w                   cstackCOMRAM 000010
dtoa@d                   cstackCOMRAM 00001E
dtoa@fp                  cstackCOMRAM 00001C
dtoa@i                   cstackCOMRAM 00003E
dtoa@n                   cstackCOMRAM 000036
dtoa@p                   cstackCOMRAM 000030
dtoa@s                   cstackCOMRAM 000034
dtoa@w                   cstackCOMRAM 000032
efgtoa@c                 cstackCOMRAM 00005B
efgtoa@d                 cstackBANK0  000092
efgtoa@e                 cstackBANK0  0000AA
efgtoa@f                 cstackCOMRAM 000057
efgtoa@fp                cstackCOMRAM 000055
efgtoa@g                 cstackBANK0  0000A6
efgtoa@h                 cstackBANK0  00009C
efgtoa@i                 cstackBANK0  0000A4
efgtoa@l                 cstackBANK0  0000A0
efgtoa@m                 cstackBANK0  00008C
efgtoa@mode              cstackBANK0  00009B
efgtoa@n                 cstackBANK0  0000AC
efgtoa@ne                cstackBANK0  00008A
efgtoa@nmode             cstackBANK0  00009A
efgtoa@ou                cstackBANK0  00008E
efgtoa@p                 cstackBANK0  000096
efgtoa@pp                cstackBANK0  000088
efgtoa@sign              cstackBANK0  000094
efgtoa@t                 cstackBANK0  000086
efgtoa@u                 cstackBANK0  0000AE
efgtoa@w                 cstackBANK0  000098
end_of_initialization    cinit        004382
floorf@F526              bssBANK0     0000D5
floorf@e                 cstackCOMRAM 00004F
floorf@m                 cstackCOMRAM 00004B
floorf@u                 cstackCOMRAM 000051
floorf@x                 cstackCOMRAM 000041
fputc@c                  cstackCOMRAM 000001
fputc@fp                 cstackCOMRAM 000003
fputs@c                  cstackCOMRAM 00000E
fputs@fp                 cstackCOMRAM 00000C
fputs@i                  cstackCOMRAM 00000F
fputs@s                  cstackCOMRAM 00000A
intlevel0                text         000000
intlevel1                text         000000
intlevel2                text         000000
intlevel3                text         000000
isa$std                  (abs)        000001
isa$xinst                (abs)        000000
isdigit@c                cstackCOMRAM 000001
isspace@c                cstackCOMRAM 000001
isupper@c                cstackCOMRAM 000001
lcd_cmd@cmd              cstackCOMRAM 000004
lcd_init@i               cstackCOMRAM 000006
lcd_send_byte@data       cstackCOMRAM 000005
lcd_send_byte@level      cstackCOMRAM 000006
lcd_write@col            cstackCOMRAM 000007
lcd_write@end            cstackCOMRAM 00000A
lcd_write@lin            cstackCOMRAM 00000B
lcd_write@str            cstackCOMRAM 000008
pad@buf                  cstackCOMRAM 000013
pad@fp                   cstackCOMRAM 000011
pad@i                    cstackCOMRAM 000018
pad@p                    cstackCOMRAM 000015
pad@w                    cstackCOMRAM 00001A
set_bit@cmd              cstackCOMRAM 000002
set_bit@comp             cstackCOMRAM 000001
sprintf@ap               cstackBANK0  0000C8
sprintf@f                cstackBANK0  0000CA
sprintf@fmt              cstackBANK0  0000C0
sprintf@s                cstackBANK0  0000BE
stackhi                  (abs)        000000
stacklo                  (abs)        000000
start                    init         000000
start_initialization     cinit        00435E
strcpy@d                 cstackCOMRAM 000009
strcpy@dest              cstackCOMRAM 000001
strcpy@s                 cstackCOMRAM 000007
strcpy@src               cstackCOMRAM 000003
strlen@a                 cstackCOMRAM 000003
strlen@s                 cstackCOMRAM 000001
strncmp@_l               cstackCOMRAM 000001
strncmp@_r               cstackCOMRAM 000003
strncmp@l                cstackCOMRAM 000008
strncmp@n                cstackCOMRAM 000005
strncmp@r                cstackCOMRAM 00000A
tolower@c                cstackCOMRAM 000007
vfpfcnvrt@ap             cstackBANK0  0000B6
vfpfcnvrt@c              cstackCOMRAM 000076
vfpfcnvrt@ct             cstackCOMRAM 000073
vfpfcnvrt@done           cstackCOMRAM 00006D
vfpfcnvrt@f              cstackCOMRAM 00006F
vfpfcnvrt@fmt            cstackBANK0  0000B4
vfpfcnvrt@fp             cstackBANK0  0000B2
vfpfcnvrt@ll             cstackCOMRAM 000065
vfprintf@ap              cstackBANK0  0000BC
vfprintf@cfmt            cstackCOMRAM 000077
vfprintf@fmt             cstackBANK0  0000BA
vfprintf@fp              cstackBANK0  0000B8


MODULE INFORMATION

Module		Function		Class		Link	Load	Size
C:\Program Files\Microchip\xc8\v2.36\pic\sources\c99\common\putch.c
		_putch         		CODE           	4416	0000	2

C:\Program Files\Microchip\xc8\v2.36\pic\sources\c99\common\putch.c estimated size: 2

C:\Program Files\Microchip\xc8\v2.36\pic\sources\c99\common\nf_fputs.c
		_fputs         		CODE           	418A	0000	68

C:\Program Files\Microchip\xc8\v2.36\pic\sources\c99\common\nf_fputs.c estimated size: 68

C:\Program Files\Microchip\xc8\v2.36\pic\sources\c99\common\aomod.c
		___aomod       		CODE           	3002	0000	356

C:\Program Files\Microchip\xc8\v2.36\pic\sources\c99\common\aomod.c estimated size: 356

C:\Program Files\Microchip\xc8\v2.36\pic\sources\c99\common\strncmp.c
		_strncmp       		CODE           	3794	0000	214

C:\Program Files\Microchip\xc8\v2.36\pic\sources\c99\common\strncmp.c estimated size: 214

C:\Program Files\Microchip\xc8\v2.36\pic\sources\c99\common\tolower.c
		_tolower       		CODE           	40FE	0000	70

C:\Program Files\Microchip\xc8\v2.36\pic\sources\c99\common\tolower.c estimated size: 70

C:\Program Files\Microchip\xc8\v2.36\pic\sources\c99\common\__fpclassifyf.c
		___fpclassifyf 		CODE           	34C6	0000	254

C:\Program Files\Microchip\xc8\v2.36\pic\sources\c99\common\__fpclassifyf.c estimated size: 254

C:\Program Files\Microchip\xc8\v2.36\pic\sources\c99\common\sprcmul.c
		___flmul       		CODE           	1E48	0000	1066

C:\Program Files\Microchip\xc8\v2.36\pic\sources\c99\common\sprcmul.c estimated size: 1066

C:\Program Files\Microchip\xc8\v2.36\pic\sources\c99\common\floorf.c
		_floorf        		CODE           	28EA	0000	530

C:\Program Files\Microchip\xc8\v2.36\pic\sources\c99\common\floorf.c estimated size: 530

C:\Program Files\Microchip\xc8\v2.36\pic\sources\c99\common\sprcdiv.c
		___fldiv       		CODE           	2272	0000	922

C:\Program Files\Microchip\xc8\v2.36\pic\sources\c99\common\sprcdiv.c estimated size: 922

C:\Program Files\Microchip\xc8\v2.36\pic\sources\c99\common\atoi.c
		_atoi          		CODE           	3166	0000	342

C:\Program Files\Microchip\xc8\v2.36\pic\sources\c99\common\atoi.c estimated size: 342

C:\Program Files\Microchip\xc8\v2.36\pic\sources\c99\common\fleq.c
		___fleq        		CODE           	3D12	0000	170

C:\Program Files\Microchip\xc8\v2.36\pic\sources\c99\common\fleq.c estimated size: 170

C:\Program Files\Microchip\xc8\v2.36\pic\sources\c99\common\awmod.c
		___awmod       		CODE           	3C62	0000	176

C:\Program Files\Microchip\xc8\v2.36\pic\sources\c99\common\awmod.c estimated size: 176

C:\Program Files\Microchip\xc8\v2.36\pic\sources\c99\common\nf_sprintf.c
		_sprintf       		CODE           	405A	0000	82

C:\Program Files\Microchip\xc8\v2.36\pic\sources\c99\common\nf_sprintf.c estimated size: 82

C:\Program Files\Microchip\xc8\v2.36\pic\sources\c99\common\isspace.c
		_isspace       		CODE           	40AC	0000	82

C:\Program Files\Microchip\xc8\v2.36\pic\sources\c99\common\isspace.c estimated size: 82

C:\Program Files\Microchip\xc8\v2.36\pic\sources\c99\common\xxtofl.c
		___xxtofl      		CODE           	2CC6	0000	436

C:\Program Files\Microchip\xc8\v2.36\pic\sources\c99\common\xxtofl.c estimated size: 436

Main_Program.c
		_main          		CODE           	420E	0000	62
		_lcd_SENSOR    		CODE           	3DBC	0000	166
		_conv_AN0      		CODE           	432A	0000	52
		_equation_SENSOR		CODE           	393E	0000	212
		_config_IO     		CODE           	43F0	0000	14
		_config_ADC    		CODE           	43FE	0000	14
		_config_FOSC   		CODE           	440C	0000	10
		_lcd_PERIPHERAL		CODE           	35C4	0000	236
		_logic_CONTROL 		CODE           	2AFC	0000	458

Main_Program.c estimated size: 1224

C:\Program Files\Microchip\xc8\v2.36\pic\sources\c99\common\strlen.c
		_strlen        		CODE           	42F4	0000	54

C:\Program Files\Microchip\xc8\v2.36\pic\sources\c99\common\strlen.c estimated size: 54

C:\Program Files\Microchip\xc8\v2.36\pic\sources\c99\common\strcpy.c
		_strcpy        		CODE           	3FFE	0000	92

C:\Program Files\Microchip\xc8\v2.36\pic\sources\c99\common\strcpy.c estimated size: 92

C:\Program Files\Microchip\xc8\v2.36\pic\sources\c99\common\aodiv.c
		___aodiv       		CODE           	2E7A	0000	392

C:\Program Files\Microchip\xc8\v2.36\pic\sources\c99\common\aodiv.c estimated size: 392

LCD4b.c
		_lcd_cmd       		CODE           	36B0	0000	228
		_lcd_send_byte 		CODE           	43D2	0000	30
		_set_bit       		CODE           	43B2	0000	32
		_lcd_write     		CODE           	3E62	0000	160
		_lcd_init      		CODE           	3F02	0000	154

LCD4b.c estimated size: 604

C:\Program Files\Microchip\xc8\v2.36\pic\sources\c99\common\nf_fputc.c
		_fputc         		CODE           	3A12	0000	202

C:\Program Files\Microchip\xc8\v2.36\pic\sources\c99\common\nf_fputc.c estimated size: 202

C:\Program Files\Microchip\xc8\v2.36\pic\sources\c99\common\isdigit.c
		_isdigit       		CODE           	42BC	0000	56

C:\Program Files\Microchip\xc8\v2.36\pic\sources\c99\common\isdigit.c estimated size: 56

C:\Program Files\Microchip\xc8\v2.36\pic\sources\c99\common\sprcadd.c
		___flsub       		CODE           	4144	0000	70
		___fladd       		CODE           	1988	0000	1216

C:\Program Files\Microchip\xc8\v2.36\pic\sources\c99\common\sprcadd.c estimated size: 1286

C:\Program Files\Microchip\xc8\v2.36\pic\sources\c99\common\awdiv.c
		___awdiv       		CODE           	3ADC	0000	196

C:\Program Files\Microchip\xc8\v2.36\pic\sources\c99\common\awdiv.c estimated size: 196

C:\Program Files\Microchip\xc8\v2.36\pic\sources\c99\common\doprnt.c
		_vfpfcnvrt     		CODE           	1284	0000	1796
		_efgtoa        		CODE           	0674	0000	3088
		_pad           		CODE           	3BA0	0000	194
		_ctoa          		CODE           	386A	0000	212
		_dtoa          		CODE           	260C	0000	734
		_vfprintf      		CODE           	3F9C	0000	98

C:\Program Files\Microchip\xc8\v2.36\pic\sources\c99\common\doprnt.c estimated size: 6122

C:\Program Files\Microchip\xc8\v2.36\pic\sources\c99\common\fltol.c
		___fltol       		CODE           	32BC	0000	262

C:\Program Files\Microchip\xc8\v2.36\pic\sources\c99\common\fltol.c estimated size: 262

shared
		__initialization		CODE           	435E	0000	36

shared estimated size: 36

C:\Program Files\Microchip\xc8\v2.36\pic\sources\c99\common\abs.c
		_abs           		CODE           	41CE	0000	64

C:\Program Files\Microchip\xc8\v2.36\pic\sources\c99\common\abs.c estimated size: 64

C:\Program Files\Microchip\xc8\v2.36\pic\sources\c99\common\flge.c
		___flge        		CODE           	33C2	0000	260

C:\Program Files\Microchip\xc8\v2.36\pic\sources\c99\common\flge.c estimated size: 260

C:\Program Files\Microchip\xc8\v2.36\pic\sources\c99\common\Umul16.c
		___wmul        		CODE           	438C	0000	38

C:\Program Files\Microchip\xc8\v2.36\pic\sources\c99\common\Umul16.c estimated size: 38

C:\Program Files\Microchip\xc8\v2.36\pic\sources\c99\common\flneg.c
		___flneg       		CODE           	4284	0000	56

C:\Program Files\Microchip\xc8\v2.36\pic\sources\c99\common\flneg.c estimated size: 56

C:\Program Files\Microchip\xc8\v2.36\pic\sources\c99\common\isupper.c
		_isupper       		CODE           	424C	0000	56

C:\Program Files\Microchip\xc8\v2.36\pic\sources\c99\common\isupper.c estimated size: 56

